I'm sorry, but errors were detected in your script. Please correct the
errors listed below, and try again.


File "game/script.rpy", line 18: Line is indented, but the preceding one-line python statement statement does not expect a block. Please check this line's indentation. You may have forgotten a colon (:).
    image textbox:
    ^

Ren'Py Version: Ren'Py 8.3.2.24090902
Thu Oct 31 15:24:55 2024
